// Jest Snapshot v1, https://goo.gl/fbAQLP

exports[`ListItem should match the snapshot 1`] = `ShallowWrapper {}`;

exports[`ListItem should match the snapshot if not complete 1`] = `ShallowWrapper {}`;
