// Jest Snapshot v1, https://goo.gl/fbAQLP

exports[`ListInput should match the snapshot 1`] = `ShallowWrapper {}`;
