// Jest Snapshot v1, https://goo.gl/fbAQLP

exports[`ListCard should match the snapshot 1`] = `ShallowWrapper {}`;

exports[`ListCard should match the snapshot if some notes are complete 1`] = `ShallowWrapper {}`;
